// Jest Snapshot v1, https://goo.gl/fbAQLP

exports[`it should mock route renders component correctly 1`] = `
<div>
  this is the login component
</div>
`;
